
> splitfare-frontend@0.1.0 dev
> next dev --hostname 127.0.0.1 --port 3000

   ▲ Next.js 15.5.19
   - Local:        http://127.0.0.1:3000
   - Network:      http://127.0.0.1:3000

 ✓ Starting...
 ✓ Ready in 2.6s
 ○ Compiling / ...
 ✓ Compiled / in 1812ms (635 modules)
 GET / 200 in 2125ms
 ✓ Compiled /results in 380ms (649 modules)
 GET /results?origin=MEL&destination=PVG&departureDate=2026-08-12&minGapHours=3&maxGapHours=12&passengers=1&cabin=economy&maxResults=20&sort=value&checkedBaggageLikelyRequired=false&visaTransitRequirementUnknown=true&currency=AUD&promoCodeNote=&memberPriceNote= 200 in 482ms
 GET /results?origin=MEL&destination=PVG&departureDate=2026-08-12&minGapHours=3&maxGapHours=12&passengers=1&cabin=economy&maxResults=20&sort=value&checkedBaggageLikelyRequired=false&visaTransitRequirementUnknown=true&currency=AUD&promoCodeNote=&memberPriceNote= 200 in 30ms
 GET / 200 in 126ms
 GET /results?origin=MEL&destination=PVG&departureDate=2026-08-12&minGapHours=3&maxGapHours=12&passengers=1&cabin=economy&maxResults=20&sort=value&checkedBaggageLikelyRequired=false&visaTransitRequirementUnknown=true&currency=AUD&promoCodeNote=&memberPriceNote= 200 in 37ms
 ✓ Compiled in 272ms (635 modules)
 ✓ Compiled in 142ms (635 modules)
 ✓ Compiled in 165ms (635 modules)
 GET / 200 in 84ms
 ✓ Compiled in 187ms (635 modules)
 ✓ Compiled in 187ms (635 modules)
 ✓ Compiled in 467ms (649 modules)
 GET / 200 in 91ms
 ✓ Compiled in 242ms (649 modules)
 GET / 200 in 52ms
 ✓ Compiled in 240ms (649 modules)
 GET / 200 in 51ms
[?25h
